
Top IR:
; ModuleID = 'Glslang'

%gl_PerVertex = type { <4 x float>, float, [3 x float] }
%gl_PerVertex.0 = type { <4 x float>, float, [3 x float] }
%testblb = type { i32 }
%testbld = type { i32 }

@gl_in = global [32 x %gl_PerVertex] zeroinitializer
@gl_PatchVerticesIn = global i32 0
@gl_PrimitiveID = global i32 0
@gl_TessCoord = global <3 x float> zeroinitializer
@gl_TessLevelOuter = global [4 x float] zeroinitializer
@gl_TessLevelInner = global [2 x float] zeroinitializer
@"anon@0" = global %gl_PerVertex.0 zeroinitializer
@patchIn = global <4 x float> zeroinitializer
@inb = global [32 x <2 x float>] zeroinitializer
@ind = global [32 x <2 x float>] zeroinitializer
@blb = global [32 x %testblb] zeroinitializer
@bld = global [32 x %testbld] zeroinitializer
@ivla = global [32 x <4 x float>] zeroinitializer
@ivlb = global [32 x <4 x float>] zeroinitializer
@ovla = global [2 x <4 x float>] zeroinitializer

define fastcc void @main() {
entry:
  %tli = alloca float
  %tlo = alloca float
  %tc = alloca <3 x float>
  %pid = alloca i32
  %pvi = alloca i32
  %cd = alloca float
  %ps = alloca float
  %p = alloca <4 x float>
  %a = alloca i32
  br label %mainBody

mainBody:                                         ; preds = %entry
  store i32 1512, i32* %a
  %p1 = load <4 x float>* getelementptr inbounds ([32 x %gl_PerVertex]* @gl_in, i32 0, i32 1, i32 0)
  store <4 x float> %p1, <4 x float>* %p
  %ps2 = load float* getelementptr inbounds ([32 x %gl_PerVertex]* @gl_in, i32 0, i32 1, i32 1)
  store float %ps2, float* %ps
  %cd3 = load float* getelementptr inbounds ([32 x %gl_PerVertex]* @gl_in, i32 0, i32 1, i32 2, i32 2)
  store float %cd3, float* %cd
  %pvi4 = load i32* @gl_PatchVerticesIn
  store i32 %pvi4, i32* %pvi
  %pid5 = load i32* @gl_PrimitiveID
  store i32 %pid5, i32* %pid
  %tc6 = load <3 x float>* @gl_TessCoord
  store <3 x float> %tc6, <3 x float>* %tc
  %tlo7 = load float* getelementptr inbounds ([4 x float]* @gl_TessLevelOuter, i32 0, i32 3)
  store float %tlo7, float* %tlo
  %tli8 = load float* getelementptr inbounds ([2 x float]* @gl_TessLevelInner, i32 0, i32 1)
  store float %tli8, float* %tli
  %0 = load <4 x float>* %p
  store <4 x float> %0, <4 x float>* getelementptr inbounds (%gl_PerVertex.0* @"anon@0", i32 0, i32 0)
  %1 = load float* %ps
  store float %1, float* getelementptr inbounds (%gl_PerVertex.0* @"anon@0", i32 0, i32 1)
  %2 = load float* %cd
  store float %2, float* getelementptr inbounds (%gl_PerVertex.0* @"anon@0", i32 0, i32 2, i32 2)
  br label %stage-epilogue

stage-epilogue:                                   ; preds = %mainBody
  br label %stage-exit

stage-exit:                                       ; preds = %stage-epilogue
  ret void
}

!gla.inputPrimitive = !{!0}
!gla.vertexSpacing = !{!1}
!gla.vertexOrder = !{!2}
!gla.pointMode = !{!3}
!gla.entrypoint = !{!4}
!gla.inputs = !{!5, !15, !17, !19, !21, !23, !25, !27, !29, !31, !35, !38, !40}
!gla.outputs = !{!42, !44}
!gla.noStaticUse = !{!25, !27, !29, !31, !35, !38, !40, !44}

!0 = !{i32 5}
!1 = !{i32 3}
!2 = !{i32 2}
!3 = !{i32 1}
!4 = !{!"main", i32 15}
!5 = !{!"gl_in", i32 17, [32 x %gl_PerVertex]* @gl_in_typeProxy, !6, !7}
!6 = !{i32 0, i32 0, i32 1024, null, i32 0, i32 0, i32 -1, i32 0, i32 -1}
!7 = !{!"gl_PerVertex", !8, !"gl_Position", !9, !"gl_PointSize", !11, !"gl_ClipDistance", !13}
!8 = !{i32 0, i32 0, i32 1024, null, i32 -1, i32 0, i32 -1, i32 0, i32 -1}
!9 = !{!"", !10}
!10 = !{i32 0, i32 0, i32 1024, null, i32 -1, i32 9, i32 -1, i32 0, i32 -1}
!11 = !{!"", !12}
!12 = !{i32 0, i32 0, i32 1024, null, i32 -1, i32 10, i32 -1, i32 0, i32 -1}
!13 = !{!"", !14}
!14 = !{i32 0, i32 0, i32 1024, null, i32 -1, i32 12, i32 -1, i32 0, i32 -1}
!15 = !{!"gl_PatchVerticesIn", i32 1, i32* @gl_PatchVerticesIn_typeProxy, !16}
!16 = !{i32 0, i32 0, i32 1184, null, i32 0, i32 34, i32 -1, i32 0, i32 -1}
!17 = !{!"gl_PrimitiveID", i32 1, i32* @gl_PrimitiveID_typeProxy, !18}
!18 = !{i32 0, i32 0, i32 1185, null, i32 0, i32 31, i32 -1, i32 0, i32 -1}
!19 = !{!"gl_TessCoord", i32 1, <3 x float>* @gl_TessCoord_typeProxy, !20}
!20 = !{i32 0, i32 0, i32 1186, null, i32 0, i32 37, i32 -1, i32 0, i32 -1}
!21 = !{!"gl_TessLevelOuter", i32 1, [4 x float]* @gl_TessLevelOuter_typeProxy, !22}
!22 = !{i32 0, i32 0, i32 1187, null, i32 3, i32 35, i32 -1, i32 0, i32 -1}
!23 = !{!"gl_TessLevelInner", i32 1, [2 x float]* @gl_TessLevelInner_typeProxy, !24}
!24 = !{i32 0, i32 0, i32 1191, null, i32 3, i32 36, i32 -1, i32 0, i32 -1}
!25 = !{!"patchIn", i32 1, <4 x float>* @patchIn_typeProxy, !26}
!26 = !{i32 0, i32 0, i32 1198, null, i32 3, i32 0, i32 -1, i32 0, i32 -1}
!27 = !{!"inb", i32 1, [32 x <2 x float>]* @inb_typeProxy, !28}
!28 = !{i32 0, i32 0, i32 1199, null, i32 0, i32 0, i32 -1, i32 0, i32 -1}
!29 = !{!"ind", i32 1, [32 x <2 x float>]* @ind_typeProxy, !30}
!30 = !{i32 0, i32 0, i32 1231, null, i32 0, i32 0, i32 -1, i32 0, i32 -1}
!31 = !{!"blb", i32 17, [32 x %testblb]* @blb_typeProxy, !32, !33}
!32 = !{i32 0, i32 0, i32 1263, null, i32 0, i32 0, i32 -1, i32 0, i32 -1}
!33 = !{!"testblb", !8, !"f", !34}
!34 = !{!"", !8}
!35 = !{!"bld", i32 17, [32 x %testbld]* @bld_typeProxy, !36, !37}
!36 = !{i32 0, i32 0, i32 1295, null, i32 0, i32 0, i32 -1, i32 0, i32 -1}
!37 = !{!"testbld", !8, !"f", !34}
!38 = !{!"ivla", i32 1, [32 x <4 x float>]* @ivla_typeProxy, !39}
!39 = !{i32 0, i32 0, i32 23, null, i32 0, i32 0, i32 -1, i32 0, i32 -1}
!40 = !{!"ivlb", i32 1, [32 x <4 x float>]* @ivlb_typeProxy, !41}
!41 = !{i32 0, i32 0, i32 24, null, i32 0, i32 0, i32 -1, i32 0, i32 -1}
!42 = !{!"", i32 16, %gl_PerVertex.0* @"anon@0_typeProxy", !43, !7}
!43 = !{i32 0, i32 0, i32 1193, null, i32 0, i32 0, i32 -1, i32 0, i32 -1}
!44 = !{!"ovla", i32 7, [2 x <4 x float>]* @ovla_typeProxy, !39}


Bottom IR:
; ModuleID = 'Glslang'
target datalayout = "e-p:32:32"

%gl_PerVertex = type { <4 x float>, float, [3 x float] }
%gl_PerVertex.0 = type { <4 x float>, float, [3 x float] }
%testblb = type { i32 }
%testbld = type { i32 }

@gl_in = global [32 x %gl_PerVertex] zeroinitializer
@gl_PatchVerticesIn = global i32 0
@gl_PrimitiveID = global i32 0
@gl_TessCoord = global <3 x float> zeroinitializer
@gl_TessLevelOuter = global [4 x float] zeroinitializer
@gl_TessLevelInner = global [2 x float] zeroinitializer
@"anon@0" = global %gl_PerVertex.0 zeroinitializer
@patchIn = global <4 x float> zeroinitializer
@inb = global [32 x <2 x float>] zeroinitializer
@ind = global [32 x <2 x float>] zeroinitializer
@blb = global [32 x %testblb] zeroinitializer
@bld = global [32 x %testbld] zeroinitializer
@ivla = global [32 x <4 x float>] zeroinitializer
@ivlb = global [32 x <4 x float>] zeroinitializer
@ovla = global [2 x <4 x float>] zeroinitializer

define fastcc void @main() {
entry:
  %gla_constGEP = getelementptr [32 x %gl_PerVertex]* @gl_in, i32 0, i32 1, i32 0
  %p1 = load <4 x float>* %gla_constGEP
  %gla_constGEP9 = getelementptr [32 x %gl_PerVertex]* @gl_in, i32 0, i32 1, i32 1
  %ps2 = load float* %gla_constGEP9
  %gla_constGEP10 = getelementptr [32 x %gl_PerVertex]* @gl_in, i32 0, i32 1, i32 2, i32 2
  %cd3 = load float* %gla_constGEP10
  %gla_constGEP11 = getelementptr %gl_PerVertex.0* @"anon@0", i32 0, i32 0
  store <4 x float> %p1, <4 x float>* %gla_constGEP11
  %gla_constGEP12 = getelementptr %gl_PerVertex.0* @"anon@0", i32 0, i32 1
  store float %ps2, float* %gla_constGEP12
  %gla_constGEP13 = getelementptr %gl_PerVertex.0* @"anon@0", i32 0, i32 2, i32 2
  store float %cd3, float* %gla_constGEP13
  br label %stage-epilogue

stage-epilogue:                                   ; preds = %entry
  br label %stage-exit

stage-exit:                                       ; preds = %stage-epilogue
  ret void
}

!gla.inputPrimitive = !{!0}
!gla.vertexSpacing = !{!1}
!gla.vertexOrder = !{!2}
!gla.pointMode = !{!3}
!gla.entrypoint = !{!4}
!gla.inputs = !{!5, !15, !17, !19, !21, !23, !25, !27, !29, !31, !35, !38, !40}
!gla.outputs = !{!42, !44}
!gla.noStaticUse = !{!25, !27, !29, !31, !35, !38, !40, !44}

!0 = !{i32 5}
!1 = !{i32 3}
!2 = !{i32 2}
!3 = !{i32 1}
!4 = !{!"main", i32 15}
!5 = !{!"gl_in", i32 17, [32 x %gl_PerVertex]* @gl_in_typeProxy, !6, !7}
!6 = !{i32 0, i32 0, i32 1024, null, i32 0, i32 0, i32 -1, i32 0, i32 -1}
!7 = !{!"gl_PerVertex", !8, !"gl_Position", !9, !"gl_PointSize", !11, !"gl_ClipDistance", !13}
!8 = !{i32 0, i32 0, i32 1024, null, i32 -1, i32 0, i32 -1, i32 0, i32 -1}
!9 = !{!"", !10}
!10 = !{i32 0, i32 0, i32 1024, null, i32 -1, i32 9, i32 -1, i32 0, i32 -1}
!11 = !{!"", !12}
!12 = !{i32 0, i32 0, i32 1024, null, i32 -1, i32 10, i32 -1, i32 0, i32 -1}
!13 = !{!"", !14}
!14 = !{i32 0, i32 0, i32 1024, null, i32 -1, i32 12, i32 -1, i32 0, i32 -1}
!15 = !{!"gl_PatchVerticesIn", i32 1, i32* @gl_PatchVerticesIn_typeProxy, !16}
!16 = !{i32 0, i32 0, i32 1184, null, i32 0, i32 34, i32 -1, i32 0, i32 -1}
!17 = !{!"gl_PrimitiveID", i32 1, i32* @gl_PrimitiveID_typeProxy, !18}
!18 = !{i32 0, i32 0, i32 1185, null, i32 0, i32 31, i32 -1, i32 0, i32 -1}
!19 = !{!"gl_TessCoord", i32 1, <3 x float>* @gl_TessCoord_typeProxy, !20}
!20 = !{i32 0, i32 0, i32 1186, null, i32 0, i32 37, i32 -1, i32 0, i32 -1}
!21 = !{!"gl_TessLevelOuter", i32 1, [4 x float]* @gl_TessLevelOuter_typeProxy, !22}
!22 = !{i32 0, i32 0, i32 1187, null, i32 3, i32 35, i32 -1, i32 0, i32 -1}
!23 = !{!"gl_TessLevelInner", i32 1, [2 x float]* @gl_TessLevelInner_typeProxy, !24}
!24 = !{i32 0, i32 0, i32 1191, null, i32 3, i32 36, i32 -1, i32 0, i32 -1}
!25 = !{!"patchIn", i32 1, <4 x float>* @patchIn_typeProxy, !26}
!26 = !{i32 0, i32 0, i32 1198, null, i32 3, i32 0, i32 -1, i32 0, i32 -1}
!27 = !{!"inb", i32 1, [32 x <2 x float>]* @inb_typeProxy, !28}
!28 = !{i32 0, i32 0, i32 1199, null, i32 0, i32 0, i32 -1, i32 0, i32 -1}
!29 = !{!"ind", i32 1, [32 x <2 x float>]* @ind_typeProxy, !30}
!30 = !{i32 0, i32 0, i32 1231, null, i32 0, i32 0, i32 -1, i32 0, i32 -1}
!31 = !{!"blb", i32 17, [32 x %testblb]* @blb_typeProxy, !32, !33}
!32 = !{i32 0, i32 0, i32 1263, null, i32 0, i32 0, i32 -1, i32 0, i32 -1}
!33 = !{!"testblb", !8, !"f", !34}
!34 = !{!"", !8}
!35 = !{!"bld", i32 17, [32 x %testbld]* @bld_typeProxy, !36, !37}
!36 = !{i32 0, i32 0, i32 1295, null, i32 0, i32 0, i32 -1, i32 0, i32 -1}
!37 = !{!"testbld", !8, !"f", !34}
!38 = !{!"ivla", i32 1, [32 x <4 x float>]* @ivla_typeProxy, !39}
!39 = !{i32 0, i32 0, i32 23, null, i32 0, i32 0, i32 -1, i32 0, i32 -1}
!40 = !{!"ivlb", i32 1, [32 x <4 x float>]* @ivlb_typeProxy, !41}
!41 = !{i32 0, i32 0, i32 24, null, i32 0, i32 0, i32 -1, i32 0, i32 -1}
!42 = !{!"", i32 16, %gl_PerVertex.0* @"anon@0_typeProxy", !43, !7}
!43 = !{i32 0, i32 0, i32 1193, null, i32 0, i32 0, i32 -1, i32 0, i32 -1}
!44 = !{!"ovla", i32 7, [2 x <4 x float>]* @ovla_typeProxy, !39}
#version 400 core
// LunarGOO output
#extension GL_ARB_separate_shader_objects : enable
layout(triangles, ccw) in;
layout(fractional_odd_spacing) in;
layout(point_mode) in;
in gl_PerVertex {
	vec4 gl_Position;
	float gl_PointSize;
	float gl_ClipDistance[3];
} gl_in[32];
patch in vec4 patchIn;
in vec2 inb[32];
in vec2 ind[32];
in testblb {
	int f;
} blb[32];
in testbld {
	int f;
} bld[32];
layout(location=23) in vec4 ivla[32];
layout(location=24) in vec4 ivlb[32];
out gl_PerVertex {
	vec4 gl_Position;
	float gl_PointSize;
	float gl_ClipDistance[3];
} ;
layout(location=23) out vec4 ovla[2];

void main()
{
	gl_Position = gl_in[1].gl_Position;
	gl_PointSize = gl_in[1].gl_PointSize;
	gl_ClipDistance[2] = gl_in[1].gl_ClipDistance[2];
	
}

