
Top IR:
; ModuleID = 'Glslang'

@tex_coord = global <2 x float> zeroinitializer
@gl_FragColor = global <4 x float> zeroinitializer

define fastcc void @main() {
entry:
  %y = alloca float
  %x = alloca float
  %color = alloca <4 x float>
  %black = alloca <4 x float>
  %white = alloca <4 x float>
  br label %mainBody

mainBody:                                         ; preds = %entry
  store <4 x float> <float 1.000000e+00, float 1.000000e+00, float 1.000000e+00, float 1.000000e+00>, <4 x float>* %white
  store <4 x float> <float 0x3FC99999A0000000, float 0x3FC99999A0000000, float 0x3FC99999A0000000, float 0x3FC99999A0000000>, <4 x float>* %black
  %color1 = load <4 x float>* %white
  store <4 x float> %color1, <4 x float>* %color
  %0 = load <2 x float>* @tex_coord
  %1 = extractelement <2 x float> %0, i32 0
  %2 = fmul float %1, 2.000000e+00
  %x2 = fsub float %2, 1.000000e+00
  store float %x2, float* %x
  %3 = load <2 x float>* @tex_coord
  %4 = extractelement <2 x float> %3, i32 1
  %5 = fmul float %4, 2.000000e+00
  %y3 = fsub float %5, 1.000000e+00
  store float %y3, float* %y
  call void @llvm.gla.discard()
  br label %stage-exit

post-discard:                                     ; No predecessors!
  %gl_FragColor = load <4 x float>* %color
  store <4 x float> %gl_FragColor, <4 x float>* @gl_FragColor
  unreachable

stage-epilogue:                                   ; No predecessors!
  br label %stage-exit

stage-exit:                                       ; preds = %stage-epilogue, %mainBody
  ret void
}

; Function Attrs: nounwind
declare void @llvm.gla.discard() #0

attributes #0 = { nounwind }

!gla.entrypoint = !{!0}
!gla.inputs = !{!1}
!gla.outputs = !{!3}

!0 = !{!"main", i32 15}
!1 = !{!"tex_coord", i32 1, <2 x float>* @tex_coord_typeProxy, !2}
!2 = !{i32 0, i32 0, i32 1024, null, i32 1, i32 0, i32 -1, i32 0, i32 -1}
!3 = !{!"gl_FragColor", i32 7, <4 x float>* @gl_FragColor_typeProxy, !4}
!4 = !{i32 0, i32 0, i32 1025, null, i32 0, i32 43, i32 -1, i32 0, i32 -1}


Bottom IR:
; ModuleID = 'Glslang'
target datalayout = "e-p:32:32"

@tex_coord = global <2 x float> zeroinitializer
@gl_FragColor = global <4 x float> zeroinitializer

define fastcc void @main() {
entry:
  call void @llvm.gla.discard()
  br label %stage-epilogue

stage-epilogue:                                   ; preds = %entry
  br label %stage-exit

stage-exit:                                       ; preds = %stage-epilogue
  ret void
}

; Function Attrs: nounwind
declare void @llvm.gla.discard() #0

attributes #0 = { nounwind }

!gla.entrypoint = !{!0}
!gla.inputs = !{!1}
!gla.outputs = !{!3}

!0 = !{!"main", i32 15}
!1 = !{!"tex_coord", i32 1, <2 x float>* @tex_coord_typeProxy, !2}
!2 = !{i32 0, i32 0, i32 1024, null, i32 1, i32 0, i32 -1, i32 0, i32 -1}
!3 = !{!"gl_FragColor", i32 7, <4 x float>* @gl_FragColor_typeProxy, !4}
!4 = !{i32 0, i32 0, i32 1025, null, i32 0, i32 43, i32 -1, i32 0, i32 -1}
#version 110
// LunarGOO output
varying vec2 tex_coord;

void main()
{
	discard;
	
}

