
Top IR:
; ModuleID = 'Glslang'

@gl_FragData = global [32 x <4 x float>] zeroinitializer
@Color = global <4 x float> zeroinitializer

define fastcc void @main() {
entry:
  br label %mainBody

mainBody:                                         ; preds = %entry
  %0 = load <4 x float>* @Color
  store <4 x float> %0, <4 x float>* getelementptr inbounds ([32 x <4 x float>]* @gl_FragData, i32 0, i32 1)
  br label %stage-epilogue

stage-epilogue:                                   ; preds = %mainBody
  br label %stage-exit

stage-exit:                                       ; preds = %stage-epilogue
  ret void
}

!gla.entrypoint = !{!0}
!gla.outputs = !{!1}
!gla.inputs = !{!3}

!0 = !{!"main", i32 15}
!1 = !{!"gl_FragData", i32 7, [32 x <4 x float>]* @gl_FragData_typeProxy, !2}
!2 = !{i32 0, i32 0, i32 1024, null, i32 0, i32 44, i32 -1, i32 0, i32 -1}
!3 = !{!"Color", i32 1, <4 x float>* @Color_typeProxy, !4}
!4 = !{i32 0, i32 0, i32 1056, null, i32 1, i32 0, i32 -1, i32 0, i32 -1}


Bottom IR:
; ModuleID = 'Glslang'
target datalayout = "e-p:32:32"

@gl_FragData = global [32 x <4 x float>] zeroinitializer
@Color = global <4 x float> zeroinitializer

define fastcc void @main() {
entry:
  %0 = load <4 x float>* @Color
  %gla_constGEP = getelementptr [32 x <4 x float>]* @gl_FragData, i32 0, i32 1
  store <4 x float> %0, <4 x float>* %gla_constGEP
  br label %stage-epilogue

stage-epilogue:                                   ; preds = %entry
  br label %stage-exit

stage-exit:                                       ; preds = %stage-epilogue
  ret void
}

!gla.entrypoint = !{!0}
!gla.outputs = !{!1}
!gla.inputs = !{!3}

!0 = !{!"main", i32 15}
!1 = !{!"gl_FragData", i32 7, [32 x <4 x float>]* @gl_FragData_typeProxy, !2}
!2 = !{i32 0, i32 0, i32 1024, null, i32 0, i32 44, i32 -1, i32 0, i32 -1}
!3 = !{!"Color", i32 1, <4 x float>* @Color_typeProxy, !4}
!4 = !{i32 0, i32 0, i32 1056, null, i32 1, i32 0, i32 -1, i32 0, i32 -1}
#version 130
// LunarGOO output
in vec4 Color;

void main()
{
	gl_FragData[1] = Color;
	
}

