
Top IR:
; ModuleID = 'Glslang'

@colorOut = global [6 x <4 x float>] zeroinitializer
@color = global <4 x float> zeroinitializer
@gl_Position = global <4 x float> zeroinitializer
@gl_VertexID = global i32 0

define fastcc void @main() {
entry:
  %i = alloca i32
  br label %mainBody

mainBody:                                         ; preds = %entry
  store i32 1, i32* %i
  br label %loop-header

loop-header:                                      ; preds = %ifmerge, %mainBody
  %0 = load i32* %i
  %1 = icmp slt i32 %0, 5
  %2 = xor i1 %1, true
  br i1 %2, label %then, label %ifmerge

then:                                             ; preds = %loop-header
  br label %loop-merge

post-loop-break:                                  ; No predecessors!
  unreachable

ifmerge:                                          ; preds = %loop-header
  %3 = load i32* %i
  %4 = load <4 x float>* @color
  %5 = getelementptr [6 x <4 x float>]* @colorOut, i32 0, i32 %3
  store <4 x float> %4, <4 x float>* %5
  %6 = load i32* %i
  %i1 = add i32 %6, 1
  store i32 %i1, i32* %i
  br label %loop-header

loop-merge:                                       ; preds = %then
  %gl_Position = load <4 x float>* getelementptr inbounds ([6 x <4 x float>]* @colorOut, i32 0, i32 2)
  store <4 x float> %gl_Position, <4 x float>* @gl_Position
  br label %stage-epilogue

stage-epilogue:                                   ; preds = %loop-merge
  br label %stage-exit

stage-exit:                                       ; preds = %stage-epilogue
  ret void
}

!gla.entrypoint = !{!0}
!gla.outputs = !{!1, !3}
!gla.inputs = !{!5, !7}
!gla.noStaticUse = !{!7}

!0 = !{!"main", i32 15}
!1 = !{!"colorOut", i32 7, [6 x <4 x float>]* @colorOut_typeProxy, !2}
!2 = !{i32 0, i32 0, i32 1024, null, i32 1, i32 0, i32 -1, i32 0, i32 -1}
!3 = !{!"gl_Position", i32 8, <4 x float>* @gl_Position_typeProxy, !4}
!4 = !{i32 0, i32 0, i32 1031, null, i32 0, i32 9, i32 -1, i32 0, i32 -1}
!5 = !{!"color", i32 1, <4 x float>* @color_typeProxy, !6}
!6 = !{i32 0, i32 0, i32 1030, null, i32 0, i32 0, i32 -1, i32 0, i32 -1}
!7 = !{!"gl_VertexID", i32 2, i32* @gl_VertexID_typeProxy, !8}
!8 = !{i32 0, i32 0, i32 1032, null, i32 0, i32 7, i32 -1, i32 0, i32 -1}


Bottom IR:
; ModuleID = 'Glslang'
target datalayout = "e-p:32:32"

@colorOut = global [6 x <4 x float>] zeroinitializer
@color = global <4 x float> zeroinitializer
@gl_Position = global <4 x float> zeroinitializer
@gl_VertexID = global i32 0

define fastcc void @main() {
entry:
  %0 = load <4 x float>* @color
  %gla_constGEP = getelementptr [6 x <4 x float>]* @colorOut, i32 0, i32 1
  store <4 x float> %0, <4 x float>* %gla_constGEP
  %gla_constGEP3 = getelementptr [6 x <4 x float>]* @colorOut, i32 0, i32 2
  store <4 x float> %0, <4 x float>* %gla_constGEP3
  %gla_constGEP4 = getelementptr [6 x <4 x float>]* @colorOut, i32 0, i32 3
  store <4 x float> %0, <4 x float>* %gla_constGEP4
  %gla_constGEP5 = getelementptr [6 x <4 x float>]* @colorOut, i32 0, i32 4
  store <4 x float> %0, <4 x float>* %gla_constGEP5
  %gla_constGEP6 = getelementptr [6 x <4 x float>]* @colorOut, i32 0, i32 2
  %gl_Position = load <4 x float>* %gla_constGEP6
  store <4 x float> %gl_Position, <4 x float>* @gl_Position
  br label %stage-epilogue

stage-epilogue:                                   ; preds = %entry
  br label %stage-exit

stage-exit:                                       ; preds = %stage-epilogue
  ret void
}

!gla.entrypoint = !{!0}
!gla.outputs = !{!1, !3}
!gla.inputs = !{!5, !7}
!gla.noStaticUse = !{!7}

!0 = !{!"main", i32 15}
!1 = !{!"colorOut", i32 7, [6 x <4 x float>]* @colorOut_typeProxy, !2}
!2 = !{i32 0, i32 0, i32 1024, null, i32 1, i32 0, i32 -1, i32 0, i32 -1}
!3 = !{!"gl_Position", i32 8, <4 x float>* @gl_Position_typeProxy, !4}
!4 = !{i32 0, i32 0, i32 1031, null, i32 0, i32 9, i32 -1, i32 0, i32 -1}
!5 = !{!"color", i32 1, <4 x float>* @color_typeProxy, !6}
!6 = !{i32 0, i32 0, i32 1030, null, i32 0, i32 0, i32 -1, i32 0, i32 -1}
!7 = !{!"gl_VertexID", i32 2, i32* @gl_VertexID_typeProxy, !8}
!8 = !{i32 0, i32 0, i32 1032, null, i32 0, i32 7, i32 -1, i32 0, i32 -1}
#version 130
// LunarGOO output
in vec4 color;
out vec4 colorOut[6];

void main()
{
	colorOut[1] = color;
	colorOut[2] = color;
	colorOut[3] = color;
	colorOut[4] = color;
	gl_Position = colorOut[2];
	
}

