
Top IR:
; ModuleID = 'Glslang'

@gl_FragData = global [32 x <4 x float>] zeroinitializer
@i = external addrspace(2) constant i32
@Color = global <4 x float> zeroinitializer

define fastcc void @main() {
entry:
  br label %mainBody

mainBody:                                         ; preds = %entry
  %0 = load i32 addrspace(2)* @i, !gla.uniform !3
  %1 = load <4 x float>* @Color
  %2 = getelementptr [32 x <4 x float>]* @gl_FragData, i32 0, i32 %0
  store <4 x float> %1, <4 x float>* %2
  br label %stage-epilogue

stage-epilogue:                                   ; preds = %mainBody
  br label %stage-exit

stage-exit:                                       ; preds = %stage-epilogue
  ret void
}

!gla.entrypoint = !{!0}
!gla.outputs = !{!1}
!gla.uniforms = !{!3}
!gla.inputs = !{!5}

!0 = !{!"main", i32 15}
!1 = !{!"gl_FragData", i32 7, [32 x <4 x float>]* @gl_FragData_typeProxy, !2}
!2 = !{i32 0, i32 0, i32 1024, null, i32 0, i32 44, i32 -1, i32 0, i32 -1}
!3 = !{!"i", i32 12, i32* @i_typeProxy, !4}
!4 = !{i32 0, i32 0, i32 1024, null, i32 -1, i32 0, i32 -1, i32 0, i32 -1}
!5 = !{!"Color", i32 1, <4 x float>* @Color_typeProxy, !6}
!6 = !{i32 0, i32 0, i32 1056, null, i32 1, i32 0, i32 -1, i32 0, i32 -1}


Bottom IR:
; ModuleID = 'Glslang'
target datalayout = "e-p:32:32"

@gl_FragData = global [32 x <4 x float>] zeroinitializer
@i = external addrspace(2) constant i32
@Color = global <4 x float> zeroinitializer

define fastcc void @main() {
entry:
  %0 = load i32 addrspace(2)* @i, !gla.uniform !3
  %1 = load <4 x float>* @Color
  %2 = getelementptr [32 x <4 x float>]* @gl_FragData, i32 0, i32 %0
  store <4 x float> %1, <4 x float>* %2
  br label %stage-epilogue

stage-epilogue:                                   ; preds = %entry
  br label %stage-exit

stage-exit:                                       ; preds = %stage-epilogue
  ret void
}

!gla.entrypoint = !{!0}
!gla.outputs = !{!1}
!gla.uniforms = !{!3}
!gla.inputs = !{!5}

!0 = !{!"main", i32 15}
!1 = !{!"gl_FragData", i32 7, [32 x <4 x float>]* @gl_FragData_typeProxy, !2}
!2 = !{i32 0, i32 0, i32 1024, null, i32 0, i32 44, i32 -1, i32 0, i32 -1}
!3 = !{!"i", i32 12, i32* @i_typeProxy, !4}
!4 = !{i32 0, i32 0, i32 1024, null, i32 -1, i32 0, i32 -1, i32 0, i32 -1}
!5 = !{!"Color", i32 1, <4 x float>* @Color_typeProxy, !6}
!6 = !{i32 0, i32 0, i32 1056, null, i32 1, i32 0, i32 -1, i32 0, i32 -1}
#version 130
// LunarGOO output
uniform int i;
in vec4 Color;

void main()
{
	gl_FragData[i] = Color;
	
}

