
Top IR:
; ModuleID = 'Glslang'

@gl_FragDepth = global float 0.000000e+00
@Depth = global float 0.000000e+00
@gl_FragColor = global <4 x float> zeroinitializer
@Color = global <4 x float> zeroinitializer

define fastcc void @main() {
entry:
  br label %mainBody

mainBody:                                         ; preds = %entry
  %gl_FragDepth = load float* @Depth
  store float %gl_FragDepth, float* @gl_FragDepth
  %gl_FragColor = load <4 x float>* @Color
  store <4 x float> %gl_FragColor, <4 x float>* @gl_FragColor
  br label %stage-epilogue

stage-epilogue:                                   ; preds = %mainBody
  br label %stage-exit

stage-exit:                                       ; preds = %stage-epilogue
  ret void
}

!gla.entrypoint = !{!0}
!gla.outputs = !{!1, !3}
!gla.inputs = !{!5, !7}

!0 = !{!"main", i32 15}
!1 = !{!"gl_FragDepth", i32 11, float* @gl_FragDepth_typeProxy, !2}
!2 = !{i32 0, i32 0, i32 1024, null, i32 0, i32 45, i32 -1, i32 0, i32 -1}
!3 = !{!"gl_FragColor", i32 7, <4 x float>* @gl_FragColor_typeProxy, !4}
!4 = !{i32 0, i32 0, i32 1026, null, i32 0, i32 43, i32 -1, i32 0, i32 -1}
!5 = !{!"Depth", i32 1, float* @Depth_typeProxy, !6}
!6 = !{i32 0, i32 0, i32 1025, null, i32 1, i32 0, i32 -1, i32 0, i32 -1}
!7 = !{!"Color", i32 1, <4 x float>* @Color_typeProxy, !8}
!8 = !{i32 0, i32 0, i32 1027, null, i32 1, i32 0, i32 -1, i32 0, i32 -1}


Bottom IR:
; ModuleID = 'Glslang'
target datalayout = "e-p:32:32"

@gl_FragDepth = global float 0.000000e+00
@Depth = global float 0.000000e+00
@gl_FragColor = global <4 x float> zeroinitializer
@Color = global <4 x float> zeroinitializer

define fastcc void @main() {
entry:
  %gl_FragDepth = load float* @Depth
  store float %gl_FragDepth, float* @gl_FragDepth
  %gl_FragColor = load <4 x float>* @Color
  store <4 x float> %gl_FragColor, <4 x float>* @gl_FragColor
  br label %stage-epilogue

stage-epilogue:                                   ; preds = %entry
  br label %stage-exit

stage-exit:                                       ; preds = %stage-epilogue
  ret void
}

!gla.entrypoint = !{!0}
!gla.outputs = !{!1, !3}
!gla.inputs = !{!5, !7}

!0 = !{!"main", i32 15}
!1 = !{!"gl_FragDepth", i32 11, float* @gl_FragDepth_typeProxy, !2}
!2 = !{i32 0, i32 0, i32 1024, null, i32 0, i32 45, i32 -1, i32 0, i32 -1}
!3 = !{!"gl_FragColor", i32 7, <4 x float>* @gl_FragColor_typeProxy, !4}
!4 = !{i32 0, i32 0, i32 1026, null, i32 0, i32 43, i32 -1, i32 0, i32 -1}
!5 = !{!"Depth", i32 1, float* @Depth_typeProxy, !6}
!6 = !{i32 0, i32 0, i32 1025, null, i32 1, i32 0, i32 -1, i32 0, i32 -1}
!7 = !{!"Color", i32 1, <4 x float>* @Color_typeProxy, !8}
!8 = !{i32 0, i32 0, i32 1027, null, i32 1, i32 0, i32 -1, i32 0, i32 -1}
#version 130
// LunarGOO output
in float Depth;
in vec4 Color;

void main()
{
	gl_FragDepth = Depth;
	gl_FragColor = Color;
	
}

