
Top IR:
; ModuleID = 'Glslang'

@outVc = global <4 x float> zeroinitializer
@inV = global <4 x float> zeroinitializer
@outVs = global <4 x float> zeroinitializer
@outVf = global <4 x float> zeroinitializer
@outVn = global <4 x float> zeroinitializer
@outVcn = global <4 x float> zeroinitializer
@gl_VertexID = global i32 0
@gl_InstanceID = global i32 0

define fastcc void @main() {
entry:
  br label %mainBody

mainBody:                                         ; preds = %entry
  %outVc = load <4 x float>* @inV
  store <4 x float> %outVc, <4 x float>* @outVc
  %outVs = load <4 x float>* @inV
  store <4 x float> %outVs, <4 x float>* @outVs
  %outVf = load <4 x float>* @inV
  store <4 x float> %outVf, <4 x float>* @outVf
  %outVn = load <4 x float>* @inV
  store <4 x float> %outVn, <4 x float>* @outVn
  %outVcn = load <4 x float>* @inV
  store <4 x float> %outVcn, <4 x float>* @outVcn
  br label %stage-epilogue

stage-epilogue:                                   ; preds = %mainBody
  br label %stage-exit

stage-exit:                                       ; preds = %stage-epilogue
  ret void
}

!gla.entrypoint = !{!0}
!gla.outputs = !{!1, !3, !5, !7, !9}
!gla.inputs = !{!11, !13, !15}
!gla.noStaticUse = !{!13, !15}

!0 = !{!"main", i32 15}
!1 = !{!"outVc", i32 7, <4 x float>* @outVc_typeProxy, !2}
!2 = !{i32 0, i32 0, i32 1024, null, i32 513, i32 0, i32 -1, i32 0, i32 -1}
!3 = !{!"outVs", i32 7, <4 x float>* @outVs_typeProxy, !4}
!4 = !{i32 0, i32 0, i32 1026, null, i32 1, i32 0, i32 -1, i32 0, i32 -1}
!5 = !{!"outVf", i32 7, <4 x float>* @outVf_typeProxy, !6}
!6 = !{i32 0, i32 0, i32 1027, null, i32 0, i32 0, i32 -1, i32 0, i32 -1}
!7 = !{!"outVn", i32 7, <4 x float>* @outVn_typeProxy, !8}
!8 = !{i32 0, i32 0, i32 1028, null, i32 2, i32 0, i32 -1, i32 0, i32 -1}
!9 = !{!"outVcn", i32 7, <4 x float>* @outVcn_typeProxy, !10}
!10 = !{i32 0, i32 0, i32 1029, null, i32 514, i32 0, i32 -1, i32 0, i32 -1}
!11 = !{!"inV", i32 1, <4 x float>* @inV_typeProxy, !12}
!12 = !{i32 0, i32 0, i32 1025, null, i32 0, i32 0, i32 -1, i32 0, i32 -1}
!13 = !{!"gl_VertexID", i32 2, i32* @gl_VertexID_typeProxy, !14}
!14 = !{i32 0, i32 0, i32 1030, null, i32 0, i32 7, i32 -1, i32 0, i32 -1}
!15 = !{!"gl_InstanceID", i32 3, i32* @gl_InstanceID_typeProxy, !16}
!16 = !{i32 0, i32 0, i32 1031, null, i32 0, i32 8, i32 -1, i32 0, i32 -1}


Bottom IR:
; ModuleID = 'Glslang'
target datalayout = "e-p:32:32"

@outVc = global <4 x float> zeroinitializer
@inV = global <4 x float> zeroinitializer
@outVs = global <4 x float> zeroinitializer
@outVf = global <4 x float> zeroinitializer
@outVn = global <4 x float> zeroinitializer
@outVcn = global <4 x float> zeroinitializer
@gl_VertexID = global i32 0
@gl_InstanceID = global i32 0

define fastcc void @main() {
entry:
  %outVc = load <4 x float>* @inV
  store <4 x float> %outVc, <4 x float>* @outVc
  store <4 x float> %outVc, <4 x float>* @outVs
  store <4 x float> %outVc, <4 x float>* @outVf
  store <4 x float> %outVc, <4 x float>* @outVn
  store <4 x float> %outVc, <4 x float>* @outVcn
  br label %stage-epilogue

stage-epilogue:                                   ; preds = %entry
  br label %stage-exit

stage-exit:                                       ; preds = %stage-epilogue
  ret void
}

!gla.entrypoint = !{!0}
!gla.outputs = !{!1, !3, !5, !7, !9}
!gla.inputs = !{!11, !13, !15}
!gla.noStaticUse = !{!13, !15}

!0 = !{!"main", i32 15}
!1 = !{!"outVc", i32 7, <4 x float>* @outVc_typeProxy, !2}
!2 = !{i32 0, i32 0, i32 1024, null, i32 513, i32 0, i32 -1, i32 0, i32 -1}
!3 = !{!"outVs", i32 7, <4 x float>* @outVs_typeProxy, !4}
!4 = !{i32 0, i32 0, i32 1026, null, i32 1, i32 0, i32 -1, i32 0, i32 -1}
!5 = !{!"outVf", i32 7, <4 x float>* @outVf_typeProxy, !6}
!6 = !{i32 0, i32 0, i32 1027, null, i32 0, i32 0, i32 -1, i32 0, i32 -1}
!7 = !{!"outVn", i32 7, <4 x float>* @outVn_typeProxy, !8}
!8 = !{i32 0, i32 0, i32 1028, null, i32 2, i32 0, i32 -1, i32 0, i32 -1}
!9 = !{!"outVcn", i32 7, <4 x float>* @outVcn_typeProxy, !10}
!10 = !{i32 0, i32 0, i32 1029, null, i32 514, i32 0, i32 -1, i32 0, i32 -1}
!11 = !{!"inV", i32 1, <4 x float>* @inV_typeProxy, !12}
!12 = !{i32 0, i32 0, i32 1025, null, i32 0, i32 0, i32 -1, i32 0, i32 -1}
!13 = !{!"gl_VertexID", i32 2, i32* @gl_VertexID_typeProxy, !14}
!14 = !{i32 0, i32 0, i32 1030, null, i32 0, i32 7, i32 -1, i32 0, i32 -1}
!15 = !{!"gl_InstanceID", i32 3, i32* @gl_InstanceID_typeProxy, !16}
!16 = !{i32 0, i32 0, i32 1031, null, i32 0, i32 8, i32 -1, i32 0, i32 -1}
#version 430 core
// LunarGOO output
in vec4 inV;
centroid out vec4 outVc;
out vec4 outVs;
flat out vec4 outVf;
noperspective out vec4 outVn;
centroid noperspective out vec4 outVcn;

void main()
{
	outVc = inV;
	outVs = inV;
	outVf = inV;
	outVn = inV;
	outVcn = inV;
	
}

