
Top IR:
; ModuleID = 'Glslang'

@BaseColor = global <4 x float> zeroinitializer
@gl_FragColor = global <4 x float> zeroinitializer
@bigColor = external addrspace(2) constant <4 x float>
@d = external addrspace(2) constant float

define fastcc void @main() {
entry:
  br label %mainBody

mainBody:                                         ; preds = %entry
  %gl_FragColor = call <4 x float> @"foo("()
  store <4 x float> %gl_FragColor, <4 x float>* @gl_FragColor
  br label %stage-epilogue

stage-epilogue:                                   ; preds = %mainBody
  br label %stage-exit

stage-exit:                                       ; preds = %stage-epilogue
  ret void
}

; Function Attrs: alwaysinline
define internal fastcc <4 x float> @"foo("() #0 {
entry:
  %0 = load <4 x float>* @BaseColor
  ret <4 x float> %0

post-return:                                      ; No predecessors!
  unreachable
}

attributes #0 = { alwaysinline }

!gla.inputs = !{!0}
!gla.entrypoint = !{!2}
!gla.outputs = !{!3}
!gla.uniforms = !{!5, !7}
!gla.noStaticUse = !{!5, !7}

!0 = !{!"BaseColor", i32 1, <4 x float>* @BaseColor_typeProxy, !1}
!1 = !{i32 0, i32 0, i32 1024, null, i32 1, i32 0, i32 -1, i32 0, i32 -1}
!2 = !{!"main", i32 15}
!3 = !{!"gl_FragColor", i32 7, <4 x float>* @gl_FragColor_typeProxy, !4}
!4 = !{i32 0, i32 0, i32 1025, null, i32 0, i32 43, i32 -1, i32 0, i32 -1}
!5 = !{!"bigColor", i32 12, <4 x float>* @bigColor_typeProxy, !6}
!6 = !{i32 0, i32 0, i32 1024, null, i32 -1, i32 0, i32 -1, i32 0, i32 -1}
!7 = !{!"d", i32 12, float* @d_typeProxy, !6}


Bottom IR:
; ModuleID = 'Glslang'
target datalayout = "e-p:32:32"

@BaseColor = global <4 x float> zeroinitializer
@gl_FragColor = global <4 x float> zeroinitializer

define fastcc void @main() {
entry:
  %0 = load <4 x float>* @BaseColor
  store <4 x float> %0, <4 x float>* @gl_FragColor
  br label %stage-epilogue

stage-epilogue:                                   ; preds = %entry
  br label %stage-exit

stage-exit:                                       ; preds = %stage-epilogue
  ret void
}

!gla.inputs = !{!0}
!gla.entrypoint = !{!2}
!gla.outputs = !{!3}
!gla.uniforms = !{!5, !7}
!gla.noStaticUse = !{!5, !7}

!0 = !{!"BaseColor", i32 1, <4 x float>* @BaseColor_typeProxy, !1}
!1 = !{i32 0, i32 0, i32 1024, null, i32 1, i32 0, i32 -1, i32 0, i32 -1}
!2 = !{!"main", i32 15}
!3 = !{!"gl_FragColor", i32 7, <4 x float>* @gl_FragColor_typeProxy, !4}
!4 = !{i32 0, i32 0, i32 1025, null, i32 0, i32 43, i32 -1, i32 0, i32 -1}
!5 = !{!"bigColor", i32 12, <4 x float>* @bigColor_typeProxy, !6}
!6 = !{i32 0, i32 0, i32 1024, null, i32 -1, i32 0, i32 -1, i32 0, i32 -1}
!7 = !{!"d", i32 12, float* @d_typeProxy, !6}
#version 150 core
// LunarGOO output
uniform vec4 bigColor;
uniform float d;
in vec4 BaseColor;

void main()
{
	gl_FragColor = BaseColor;
	
}

