
Top IR:
; ModuleID = 'Glslang'

%lunarStruct3 = type { %lunarStruct2, i32, float, %lunarStruct1 }
%lunarStruct2 = type { i32, float, %lunarStruct1 }
%lunarStruct1 = type { i32, float }

@foo3 = external addrspace(2) constant %lunarStruct3
@foo2 = external addrspace(2) constant %lunarStruct2
@gl_FragColor = global <4 x float> zeroinitializer
@sampler = external addrspace(1) constant i32
@coord = global <2 x float> zeroinitializer
@foo = external addrspace(2) constant %lunarStruct1

define fastcc void @main() {
entry:
  %locals2 = alloca %lunarStruct2
  br label %mainBody

mainBody:                                         ; preds = %entry
  %0 = load i32 addrspace(2)* getelementptr inbounds (%lunarStruct3 addrspace(2)* @foo3, i32 0, i32 0, i32 0), !gla.uniform !1
  %1 = icmp sgt i32 %0, 0
  br i1 %1, label %then, label %else

then:                                             ; preds = %mainBody
  %locals21 = load %lunarStruct2 addrspace(2)* getelementptr inbounds (%lunarStruct3 addrspace(2)* @foo3, i32 0, i32 0), !gla.uniform !1
  store %lunarStruct2 %locals21, %lunarStruct2* %locals2
  br label %ifmerge

else:                                             ; preds = %mainBody
  %locals22 = load %lunarStruct2 addrspace(2)* @foo2, !gla.uniform !8
  store %lunarStruct2 %locals22, %lunarStruct2* %locals2
  br label %ifmerge

ifmerge:                                          ; preds = %else, %then
  %2 = getelementptr %lunarStruct2* %locals2, i32 0, i32 2, i32 1
  %3 = load float* %2
  %4 = load i32 addrspace(1)* @sampler, !gla.uniform !9
  %5 = load <2 x float>* @coord
  %gl_FragColor = call <4 x float> @llvm.gla.fTextureSample.v4f32.v2f32(i32 2, i32 %4, i32 0, <2 x float> %5)
  %6 = insertelement <4 x float> undef, float %3, i32 0
  %7 = insertelement <4 x float> %6, float %3, i32 1
  %8 = insertelement <4 x float> %7, float %3, i32 2
  %9 = insertelement <4 x float> %8, float %3, i32 3
  %gl_FragColor3 = fmul <4 x float> %9, %gl_FragColor
  store <4 x float> %gl_FragColor3, <4 x float>* @gl_FragColor
  br label %stage-epilogue

stage-epilogue:                                   ; preds = %ifmerge
  br label %stage-exit

stage-exit:                                       ; preds = %stage-epilogue
  ret void
}

; Function Attrs: nounwind readnone
declare <4 x float> @llvm.gla.fTextureSample.v4f32.v2f32(i32, i32, i32, <2 x float>) #0

attributes #0 = { nounwind readnone }

!gla.entrypoint = !{!0}
!gla.uniforms = !{!1, !8, !9, !12}
!gla.outputs = !{!13}
!gla.inputs = !{!15}
!gla.noStaticUse = !{!12}

!0 = !{!"main", i32 15}
!1 = !{!"foo3", i32 12, %lunarStruct3* @foo3_typeProxy, !2, !3}
!2 = !{i32 4, i32 0, i32 1024, null, i32 -1, i32 0, i32 -1, i32 0, i32 -1}
!3 = !{!"lunarStruct3", !2, !"s2_1", !4, !"i", !5, !"f", !5, !"s1_1", !7}
!4 = !{!"lunarStruct2", !2, !"i", !5, !"f", !5, !"s1_1", !7}
!5 = !{!"", !6}
!6 = !{i32 0, i32 0, i32 1024, null, i32 -1, i32 0, i32 -1, i32 0, i32 -1}
!7 = !{!"lunarStruct1", !2, !"i", !5, !"f", !5}
!8 = !{!"foo2", i32 12, %lunarStruct2* @foo2_typeProxy, !2, !4}
!9 = !{!"sampler", i32 12, i32* @sampler_typeProxy, !10}
!10 = !{i32 5, i32 0, i32 1024, !11, i32 -1, i32 0, i32 -1, i32 0, i32 -1}
!11 = !{i32 0, i32* @sampler_typeProxy, i32 1, i1 false, i1 false, i32 0}
!12 = !{!"foo", i32 12, %lunarStruct1* @foo_typeProxy, !2, !7}
!13 = !{!"gl_FragColor", i32 7, <4 x float>* @gl_FragColor_typeProxy, !14}
!14 = !{i32 0, i32 0, i32 1024, null, i32 0, i32 43, i32 -1, i32 0, i32 -1}
!15 = !{!"coord", i32 1, <2 x float>* @coord_typeProxy, !16}
!16 = !{i32 0, i32 0, i32 1025, null, i32 1, i32 0, i32 -1, i32 0, i32 -1}


Bottom IR:
; ModuleID = 'Glslang'
target datalayout = "e-p:32:32"

%lunarStruct3 = type { %lunarStruct2, i32, float, %lunarStruct1 }
%lunarStruct2 = type { i32, float, %lunarStruct1 }
%lunarStruct1 = type { i32, float }

@foo3 = external addrspace(2) constant %lunarStruct3
@foo2 = external addrspace(2) constant %lunarStruct2
@gl_FragColor = global <4 x float> zeroinitializer
@sampler = external addrspace(1) constant i32
@coord = global <2 x float> zeroinitializer

define fastcc void @main() {
entry:
  %locals2 = alloca %lunarStruct2
  %gla_constGEP = getelementptr %lunarStruct3 addrspace(2)* @foo3, i32 0, i32 0, i32 0
  %0 = load i32 addrspace(2)* %gla_constGEP, !gla.uniform !1
  %1 = icmp sgt i32 %0, 0
  %gla_constGEP4 = getelementptr %lunarStruct3 addrspace(2)* @foo3, i32 0, i32 0
  %storemerge.in = select i1 %1, %lunarStruct2 addrspace(2)* %gla_constGEP4, %lunarStruct2 addrspace(2)* @foo2
  %storemerge = load %lunarStruct2 addrspace(2)* %storemerge.in
  store %lunarStruct2 %storemerge, %lunarStruct2* %locals2
  %2 = getelementptr %lunarStruct2* %locals2, i32 0, i32 2, i32 1
  %3 = load float* %2
  %4 = call <4 x float> @llvm.gla.fSwizzle.v4f32.f32.v4i32(float %3, <4 x i32> zeroinitializer)
  %5 = load i32 addrspace(1)* @sampler, !gla.uniform !9
  %6 = load <2 x float>* @coord
  %gl_FragColor = call <4 x float> @llvm.gla.fTextureSample.v4f32.v2f32(i32 2, i32 %5, i32 0, <2 x float> %6)
  %gl_FragColor3 = fmul <4 x float> %gl_FragColor, %4
  store <4 x float> %gl_FragColor3, <4 x float>* @gl_FragColor
  br label %stage-epilogue

stage-epilogue:                                   ; preds = %entry
  br label %stage-exit

stage-exit:                                       ; preds = %stage-epilogue
  ret void
}

; Function Attrs: nounwind readnone
declare <4 x float> @llvm.gla.fTextureSample.v4f32.v2f32(i32, i32, i32, <2 x float>) #0

; Function Attrs: nounwind readnone
declare <4 x float> @llvm.gla.fSwizzle.v4f32.f32.v4i32(float, <4 x i32>) #0

attributes #0 = { nounwind readnone }

!gla.entrypoint = !{!0}
!gla.uniforms = !{!1, !8, !9, !12}
!gla.outputs = !{!13}
!gla.inputs = !{!15}
!gla.noStaticUse = !{!12}

!0 = !{!"main", i32 15}
!1 = !{!"foo3", i32 12, %lunarStruct3* @foo3_typeProxy, !2, !3}
!2 = !{i32 4, i32 0, i32 1024, null, i32 -1, i32 0, i32 -1, i32 0, i32 -1}
!3 = !{!"lunarStruct3", !2, !"s2_1", !4, !"i", !5, !"f", !5, !"s1_1", !7}
!4 = !{!"lunarStruct2", !2, !"i", !5, !"f", !5, !"s1_1", !7}
!5 = !{!"", !6}
!6 = !{i32 0, i32 0, i32 1024, null, i32 -1, i32 0, i32 -1, i32 0, i32 -1}
!7 = !{!"lunarStruct1", !2, !"i", !5, !"f", !5}
!8 = !{!"foo2", i32 12, %lunarStruct2* @foo2_typeProxy, !2, !4}
!9 = !{!"sampler", i32 12, i32* @sampler_typeProxy, !10}
!10 = !{i32 5, i32 0, i32 1024, !11, i32 -1, i32 0, i32 -1, i32 0, i32 -1}
!11 = !{i32 0, i32* @sampler_typeProxy, i32 1, i1 false, i1 false, i32 0}
!12 = !{!"foo", i32 12, %lunarStruct1* @foo_typeProxy, !2, !7}
!13 = !{!"gl_FragColor", i32 7, <4 x float>* @gl_FragColor_typeProxy, !14}
!14 = !{i32 0, i32 0, i32 1024, null, i32 0, i32 43, i32 -1, i32 0, i32 -1}
!15 = !{!"coord", i32 1, <2 x float>* @coord_typeProxy, !16}
!16 = !{i32 0, i32 0, i32 1025, null, i32 1, i32 0, i32 -1, i32 0, i32 -1}
LunarGOO: /home/greg/ss/LunarGLASS.36/Backends/GLSL/BottomToGLSL.cpp:4559: void gla::GlslTarget::emitConstantInitializer(std::ostringstream&, const llvm::Constant*, llvm::Type*): Assertion `0 && "Constant type in Bottom IR"' failed.
