
Top IR:
; ModuleID = 'Glslang'

@texSampler2D = external addrspace(1) constant i32
@userIn = global [2 x <4 x float>] zeroinitializer
@b = external addrspace(2) constant i32
@gl_TexCoord = global [6 x <4 x float>] zeroinitializer
@a = external addrspace(2) constant i32
@color = global <4 x float> zeroinitializer
@alpha = global float 0.000000e+00
@gl_FragColor = global <4 x float> zeroinitializer

define fastcc void @main() {
entry:
  %texColor1 = alloca <2 x float>
  %texColor = alloca <4 x float>
  br label %mainBody

mainBody:                                         ; preds = %entry
  %0 = load i32 addrspace(1)* @texSampler2D, !gla.uniform !1
  %1 = load i32 addrspace(2)* @b, !gla.uniform !4
  %2 = getelementptr [2 x <4 x float>]* @userIn, i32 0, i32 %1
  %3 = load <4 x float>* %2
  %4 = load i32 addrspace(2)* @a, !gla.uniform !6
  %5 = getelementptr [6 x <4 x float>]* @gl_TexCoord, i32 0, i32 %4
  %6 = load <4 x float>* %5
  %7 = fadd <4 x float> %3, %6
  %8 = load <4 x float>* getelementptr inbounds ([6 x <4 x float>]* @gl_TexCoord, i32 0, i32 5)
  %9 = fadd <4 x float> %7, %8
  %10 = load <2 x float>* %texColor1
  %11 = extractelement <4 x float> %9, i32 0
  %12 = insertelement <2 x float> %10, float %11, i32 0
  %13 = extractelement <4 x float> %9, i32 1
  %14 = insertelement <2 x float> %12, float %13, i32 1
  %texColor2 = call <4 x float> @llvm.gla.fTextureSample.v4f32.v2f32(i32 2, i32 %0, i32 0, <2 x float> %14)
  store <4 x float> %texColor2, <4 x float>* %texColor
  %15 = load <4 x float>* @color
  %16 = load <4 x float>* %texColor
  %texColor3 = fadd <4 x float> %16, %15
  store <4 x float> %texColor3, <4 x float>* %texColor
  %17 = load float* @alpha
  %18 = getelementptr <4 x float>* %texColor, i32 0, i32 3
  store float %17, float* %18
  %19 = load <4 x float>* getelementptr inbounds ([6 x <4 x float>]* @gl_TexCoord, i32 0, i32 0)
  %20 = load i32 addrspace(2)* @b, !gla.uniform !4
  %21 = getelementptr [6 x <4 x float>]* @gl_TexCoord, i32 0, i32 %20
  %22 = load <4 x float>* %21
  %23 = fadd <4 x float> %19, %22
  %24 = load <4 x float>* %texColor
  %25 = fadd <4 x float> %23, %24
  %26 = load i32 addrspace(2)* @a, !gla.uniform !6
  %27 = getelementptr [2 x <4 x float>]* @userIn, i32 0, i32 %26
  %28 = load <4 x float>* %27
  %gl_FragColor = fadd <4 x float> %25, %28
  store <4 x float> %gl_FragColor, <4 x float>* @gl_FragColor
  br label %stage-epilogue

stage-epilogue:                                   ; preds = %mainBody
  br label %stage-exit

stage-exit:                                       ; preds = %stage-epilogue
  ret void
}

; Function Attrs: nounwind readnone
declare <4 x float> @llvm.gla.fTextureSample.v4f32.v2f32(i32, i32, i32, <2 x float>) #0

attributes #0 = { nounwind readnone }

!gla.entrypoint = !{!0}
!gla.uniforms = !{!1, !4, !6}
!gla.inputs = !{!7, !9, !11, !13}
!gla.outputs = !{!15}

!0 = !{!"main", i32 15}
!1 = !{!"texSampler2D", i32 12, i32* @texSampler2D_typeProxy, !2}
!2 = !{i32 5, i32 0, i32 1024, !3, i32 -1, i32 0, i32 -1, i32 0, i32 -1}
!3 = !{i32 0, i32* @texSampler2D_typeProxy, i32 1, i1 false, i1 false, i32 0}
!4 = !{!"b", i32 12, i32* @b_typeProxy, !5}
!5 = !{i32 0, i32 0, i32 1024, null, i32 -1, i32 0, i32 -1, i32 0, i32 -1}
!6 = !{!"a", i32 12, i32* @a_typeProxy, !5}
!7 = !{!"userIn", i32 1, [2 x <4 x float>]* @userIn_typeProxy, !8}
!8 = !{i32 0, i32 0, i32 1024, null, i32 1, i32 0, i32 -1, i32 0, i32 -1}
!9 = !{!"gl_TexCoord", i32 1, [6 x <4 x float>]* @gl_TexCoord_typeProxy, !10}
!10 = !{i32 0, i32 0, i32 1026, null, i32 1, i32 28, i32 -1, i32 0, i32 -1}
!11 = !{!"color", i32 1, <4 x float>* @color_typeProxy, !12}
!12 = !{i32 0, i32 0, i32 1032, null, i32 1, i32 0, i32 -1, i32 0, i32 -1}
!13 = !{!"alpha", i32 1, float* @alpha_typeProxy, !14}
!14 = !{i32 0, i32 0, i32 1033, null, i32 1, i32 0, i32 -1, i32 0, i32 -1}
!15 = !{!"gl_FragColor", i32 7, <4 x float>* @gl_FragColor_typeProxy, !16}
!16 = !{i32 0, i32 0, i32 1034, null, i32 0, i32 43, i32 -1, i32 0, i32 -1}


Bottom IR:
; ModuleID = 'Glslang'
target datalayout = "e-p:32:32"

@texSampler2D = external addrspace(1) constant i32
@userIn = global [2 x <4 x float>] zeroinitializer
@b = external addrspace(2) constant i32
@gl_TexCoord = global [6 x <4 x float>] zeroinitializer
@a = external addrspace(2) constant i32
@color = global <4 x float> zeroinitializer
@alpha = global float 0.000000e+00
@gl_FragColor = global <4 x float> zeroinitializer

define fastcc void @main() {
entry:
  %texColor = alloca <4 x float>
  %0 = load i32 addrspace(1)* @texSampler2D, !gla.uniform !1
  %1 = load i32 addrspace(2)* @b
  %2 = getelementptr [2 x <4 x float>]* @userIn, i32 0, i32 %1
  %3 = load <4 x float>* %2
  %4 = load i32 addrspace(2)* @a
  %5 = getelementptr [6 x <4 x float>]* @gl_TexCoord, i32 0, i32 %4
  %6 = load <4 x float>* %5
  %7 = fadd <4 x float> %3, %6
  %gla_constGEP = getelementptr [6 x <4 x float>]* @gl_TexCoord, i32 0, i32 5
  %8 = load <4 x float>* %gla_constGEP
  %9 = fadd <4 x float> %7, %8
  %10 = call <2 x float> @llvm.gla.fSwizzle.v2f32.v4f32.v2i32(<4 x float> %9, <2 x i32> <i32 0, i32 1>)
  %texColor2 = call <4 x float> @llvm.gla.fTextureSample.v4f32.v2f32(i32 2, i32 %0, i32 0, <2 x float> %10)
  store <4 x float> %texColor2, <4 x float>* %texColor
  %11 = load <4 x float>* @color
  %texColor3 = fadd <4 x float> %texColor2, %11
  store <4 x float> %texColor3, <4 x float>* %texColor
  %12 = load float* @alpha
  %13 = getelementptr <4 x float>* %texColor, i32 0, i32 3
  store float %12, float* %13
  %gla_constGEP4 = getelementptr [6 x <4 x float>]* @gl_TexCoord, i32 0, i32 0
  %14 = load <4 x float>* %gla_constGEP4
  %15 = getelementptr [6 x <4 x float>]* @gl_TexCoord, i32 0, i32 %1
  %16 = load <4 x float>* %15
  %17 = fadd <4 x float> %14, %16
  %18 = load <4 x float>* %texColor
  %19 = fadd <4 x float> %17, %18
  %20 = getelementptr [2 x <4 x float>]* @userIn, i32 0, i32 %4
  %21 = load <4 x float>* %20
  %gl_FragColor = fadd <4 x float> %19, %21
  store <4 x float> %gl_FragColor, <4 x float>* @gl_FragColor
  br label %stage-epilogue

stage-epilogue:                                   ; preds = %entry
  br label %stage-exit

stage-exit:                                       ; preds = %stage-epilogue
  ret void
}

; Function Attrs: nounwind readnone
declare <4 x float> @llvm.gla.fTextureSample.v4f32.v2f32(i32, i32, i32, <2 x float>) #0

; Function Attrs: nounwind readnone
declare <2 x float> @llvm.gla.fSwizzle.v2f32.v4f32.v2i32(<4 x float>, <2 x i32>) #0

attributes #0 = { nounwind readnone }

!gla.entrypoint = !{!0}
!gla.uniforms = !{!1, !4, !6}
!gla.inputs = !{!7, !9, !11, !13}
!gla.outputs = !{!15}

!0 = !{!"main", i32 15}
!1 = !{!"texSampler2D", i32 12, i32* @texSampler2D_typeProxy, !2}
!2 = !{i32 5, i32 0, i32 1024, !3, i32 -1, i32 0, i32 -1, i32 0, i32 -1}
!3 = !{i32 0, i32* @texSampler2D_typeProxy, i32 1, i1 false, i1 false, i32 0}
!4 = !{!"b", i32 12, i32* @b_typeProxy, !5}
!5 = !{i32 0, i32 0, i32 1024, null, i32 -1, i32 0, i32 -1, i32 0, i32 -1}
!6 = !{!"a", i32 12, i32* @a_typeProxy, !5}
!7 = !{!"userIn", i32 1, [2 x <4 x float>]* @userIn_typeProxy, !8}
!8 = !{i32 0, i32 0, i32 1024, null, i32 1, i32 0, i32 -1, i32 0, i32 -1}
!9 = !{!"gl_TexCoord", i32 1, [6 x <4 x float>]* @gl_TexCoord_typeProxy, !10}
!10 = !{i32 0, i32 0, i32 1026, null, i32 1, i32 28, i32 -1, i32 0, i32 -1}
!11 = !{!"color", i32 1, <4 x float>* @color_typeProxy, !12}
!12 = !{i32 0, i32 0, i32 1032, null, i32 1, i32 0, i32 -1, i32 0, i32 -1}
!13 = !{!"alpha", i32 1, float* @alpha_typeProxy, !14}
!14 = !{i32 0, i32 0, i32 1033, null, i32 1, i32 0, i32 -1, i32 0, i32 -1}
!15 = !{!"gl_FragColor", i32 7, <4 x float>* @gl_FragColor_typeProxy, !16}
!16 = !{i32 0, i32 0, i32 1034, null, i32 0, i32 43, i32 -1, i32 0, i32 -1}
#version 130
// LunarGOO output
uniform sampler2D texSampler2D;
uniform int b;
uniform int a;
in vec4 userIn[2];
in vec4 gl_TexCoord[6];
in vec4 color;
in float alpha;

void main()
{
	vec4 texColor;
	vec4 H_hzxbis1 = gl_TexCoord[a] + userIn[b];
	vec4 H_vwhujo = H_hzxbis1 + gl_TexCoord[5];
	vec4 texColor1 = texture(texSampler2D, H_vwhujo.xy);
	vec4 texColor2 = color + texColor1;
	texColor2.w = alpha;
	vec4 H_m5ab9a1 = gl_TexCoord[0] + gl_TexCoord[b];
	vec4 H_hm9shn1 = H_m5ab9a1 + texColor2;
	vec4 Ll_FragColor1 = H_hm9shn1 + userIn[a];
	gl_FragColor = Ll_FragColor1;
	
}

